// Jest Snapshot v1, https://goo.gl/fbAQLP

exports[`path: components/common/card/social - Card snapshot is a match 1`] = `
<DocumentFragment>
  <li
    class="mb-[var(--md)] flex justify-start elClass"
  >
    <figure
      class="mr-4 flex min-h-[55px] min-w-[55px] items-center justify-center border-[1.5px] border-solid border-blue/10 p-2"
    >
      <svg
        fill="none"
        height="50"
        id="demo"
        role="img"
        viewBox="0 0 24 24"
        width="50"
        xmlns="http://www.w3.org/2000/svg"
      >
        <path
          d="M21 12C21 16.9706 16.9706 21 12 21C7.02944 21 3 16.9706 3 12C3 7.02944 7.02944 3 12 3C16.9706 3 21 7.02944 21 12Z"
          stroke="#000000"
          stroke-linecap="round"
          stroke-linejoin="round"
          stroke-width="2"
        />
      </svg>
    </figure>
    <header
      class="flex flex-col justify-center"
    >
      <h2
        class="font-second leading-none tracking-wide text-blue mb-[2px] font-medium md:text-sm [&::first-letter]:uppercase"
      >
        title
      </h2>
      <p
        class="text-justify text-base tracking-wide text-blue lg:text-sm !text-sm !tracking-normal md:!text-xs"
        data-testid="paragraph"
      >
        paragraph
      </p>
    </header>
  </li>
</DocumentFragment>
`;
